../Core/Src/main.c:125:6:SetupHandler	24	static
../Core/Src/main.c:141:10:ReadADC_Average	48	static
../Core/Src/main.c:166:7:ConvertADCToVoltage	24	static
../Core/Src/main.c:172:7:ConvertADCToCurrent	24	static
../Core/Src/main.c:187:6:VoltageCaptureHandler	24	static
../Core/Src/main.c:193:6:CurrentCaptureHandler	24	static
../Core/Src/main.c:199:6:PowerCalcHandler	24	static
../Core/Src/main.c:204:6:ThresholdCheckHandler	24	static
../Core/Src/main.c:234:6:NormalHandler	8	static
../Core/Src/main.c:243:6:WarningHandler	8	static
../Core/Src/main.c:252:6:TripHandler	8	static
../Core/Src/main.c:261:6:DataLogHandler	184	static
../Core/Src/main.c:271:6:ResetHandler	24	static
../Core/Src/main.c:291:6:SleepHandler	8	static
../Core/Src/main.c:298:5:main	48	static
../Core/Src/main.c:427:6:SystemClock_Config	96	static
../Core/Src/main.c:473:13:MX_ADC1_Init	48	static
../Core/Src/main.c:539:13:MX_USART2_UART_Init	8	static
../Core/Src/main.c:574:13:MX_GPIO_Init	40	static
../Core/Src/main.c:614:6:Error_Handler	4	static,ignoring_inline_asm
